00:00:00.269764 VirtualBox GUI VM Selector Window 7.1.8 r168469 win.amd64 (Apr 11 2025 16:45:31) release log
00:00:00.269766 Log opened 2025-04-19T07:45:33.161460400Z
00:00:00.269767 Build Type: release
00:00:00.269774 OS Product: Windows 11
00:00:00.269775 OS Release: 10.0.26100
00:00:00.269775 OS Service Pack: 
00:00:00.302564 DMI Product Name: Inspiron 15 3535
00:00:00.309323 DMI Product Version: 1.20.0
00:00:00.309337 Firmware type: UEFI
00:00:00.310017 Secure Boot: Enabled
00:00:00.310027 Host RAM: 7379MB (7.2GB) total, 2472MB (2.4GB) available
00:00:00.310032 Executable: C:\Program Files\Oracle\VirtualBox\VirtualBox.exe
00:00:00.310033 Process ID: 22856
00:00:00.310033 Package type: WINDOWS_64BITS_GENERIC
00:00:00.310034 Windows Features:
00:00:00.310034   Core Isolation (Memory Integrity): ENABLED
00:00:00.310265 Qt version: 6.5.3
00:00:00.311098 GUI: UIMediumEnumerator: Initial medium-enumeration finished!
00:00:00.330026 GUI: UIMediumEnumerator: Medium-enumeration started...
00:00:01.217421 GUI: UIMediumEnumerator: Medium-enumeration finished!
00:03:04.090750 GUI: UICommon: Handling aboutToQuit request..
00:03:04.784213 GUI: UICommon: aboutToQuit request handled!
